00:02:32 **** Incremental Build of configuration Debug for project bootloader_SAID ****
make -j8 all 
arm-none-eabi-gcc "../Core/Src/boot_jump.c" -mcpu=cortex-m4 -std=gnu11 -g3 -DDEBUG -DUSE_HAL_DRIVER -DSTM32F411xE -c -I../Core/Inc -I../Drivers/STM32F4xx_HAL_Driver/Inc -I../Drivers/STM32F4xx_HAL_Driver/Inc/Legacy -I../Drivers/CMSIS/Device/ST/STM32F4xx/Include -I../Drivers/CMSIS/Include -O0 -ffunction-sections -fdata-sections -Wall -fstack-usage -MMD -MP -MF"Core/Src/boot_jump.d" -MT"Core/Src/boot_jump.o" --specs=nano.specs -mfpu=fpv4-sp-d16 -mfloat-abi=hard -mthumb -o "Core/Src/boot_jump.o"
arm-none-eabi-gcc -o "bootloader_SAID.elf" @"objects.list"   -mcpu=cortex-m4 -T"C:\Users\HP\Documents\STM32\Bootloader_TEST\bootloader_SAID\STM32F411RETX_FLASH.ld" --specs=nosys.specs -Wl,-Map="bootloader_SAID.map" -Wl,--gc-sections -static --specs=nano.specs -mfpu=fpv4-sp-d16 -mfloat-abi=hard -mthumb -Wl,--start-group -lc -lm -Wl,--end-group
Finished building target: bootloader_SAID.elf
 
arm-none-eabi-objdump -h -S  bootloader_SAID.elf  > "bootloader_SAID.list"
arm-none-eabi-objcopy  -O binary  bootloader_SAID.elf  "bootloader_SAID.bin"
arm-none-eabi-size   bootloader_SAID.elf 
   text	   data	    bss	    dec	    hex	filename
  14080	    136	   2760	  16976	   4250	bootloader_SAID.elf
Finished building: default.size.stdout
 
Finished building: bootloader_SAID.bin
 
Finished building: bootloader_SAID.list
 
00:04:03 **** Incremental Build of configuration Debug for project bootloader_SAID ****
make -j8 all 
arm-none-eabi-size   bootloader_SAID.elf 
   text	   data	    bss	    dec	    hex	filename
  14080	    136	   2760	  16976	   4250	bootloader_SAID.elf
Finished building: default.size.stdout
 
